###############################################################################
#                                                                             #
# IAR ELF Linker V1.30.1.50036 for STM8                 30/Aug/2018  19:58:52 #
# Copyright 2010-2011 IAR Systems AB.                                         #
#                                                                             #
#    Output file  =  E:\Ö£½£Ñ©¹¤×÷Ä¿Â¼\Ëø¶Ô½Ó¹¤×÷\ÄÏ¾©8-30\·É±ÈËø¹¤³Ì\Debug\E #
#                    xe\XiangRui_STM8L051F3P6_Library.out                     #
#    Map file     =  E:\Ö£½£Ñ©¹¤×÷Ä¿Â¼\Ëø¶Ô½Ó¹¤×÷\ÄÏ¾©8-30\·É±ÈËø¹¤³Ì\Debug\L #
#                    ist\XiangRui_STM8L051F3P6_Library.map                    #
#    Command line =  E:\Ö£½£Ñ©¹¤×÷Ä¿Â¼\Ëø¶Ô½Ó¹¤×÷\ÄÏ¾©8-30\·É±ÈËø¹¤³Ì\Debug\O #
#                    bj\bsp.o E:\Ö£½£Ñ©¹¤×÷Ä¿Â¼\Ëø¶Ô½Ó¹¤×÷\ÄÏ¾©8-30\·É±ÈËø¹¤³ #
#                    Ì\Debug\Obj\command.o E:\Ö£½£Ñ©¹¤×÷Ä¿Â¼\Ëø¶Ô½Ó¹¤×÷\ÄÏ¾©8 #
#                    -30\·É±ÈËø¹¤³Ì\Debug\Obj\eeprom.o                        #
#                    E:\Ö£½£Ñ©¹¤×÷Ä¿Â¼\Ëø¶Ô½Ó¹¤×÷\ÄÏ¾©8-30\·É±ÈËø¹¤³Ì\Debug\O #
#                    bj\main.o E:\Ö£½£Ñ©¹¤×÷Ä¿Â¼\Ëø¶Ô½Ó¹¤×÷\ÄÏ¾©8-30\·É±ÈËø¹¤ #
#                    ³Ì\Debug\Obj\protocol.o E:\Ö£½£Ñ©¹¤×÷Ä¿Â¼\Ëø¶Ô½Ó¹¤×÷\ÄÏ¾ #
#                    ©8-30\·É±ÈËø¹¤³Ì\Debug\Obj\stm8l15x_adc.o                #
#                    E:\Ö£½£Ñ©¹¤×÷Ä¿Â¼\Ëø¶Ô½Ó¹¤×÷\ÄÏ¾©8-30\·É±ÈËø¹¤³Ì\Debug\O #
#                    bj\stm8l15x_aes.o E:\Ö£½£Ñ©¹¤×÷Ä¿Â¼\Ëø¶Ô½Ó¹¤×÷\ÄÏ¾©8-30\ #
#                    ·É±ÈËø¹¤³Ì\Debug\Obj\stm8l15x_beep.o                     #
#                    E:\Ö£½£Ñ©¹¤×÷Ä¿Â¼\Ëø¶Ô½Ó¹¤×÷\ÄÏ¾©8-30\·É±ÈËø¹¤³Ì\Debug\O #
#                    bj\stm8l15x_clk.o E:\Ö£½£Ñ©¹¤×÷Ä¿Â¼\Ëø¶Ô½Ó¹¤×÷\ÄÏ¾©8-30\ #
#                    ·É±ÈËø¹¤³Ì\Debug\Obj\stm8l15x_comp.o                     #
#                    E:\Ö£½£Ñ©¹¤×÷Ä¿Â¼\Ëø¶Ô½Ó¹¤×÷\ÄÏ¾©8-30\·É±ÈËø¹¤³Ì\Debug\O #
#                    bj\stm8l15x_dac.o E:\Ö£½£Ñ©¹¤×÷Ä¿Â¼\Ëø¶Ô½Ó¹¤×÷\ÄÏ¾©8-30\ #
#                    ·É±ÈËø¹¤³Ì\Debug\Obj\stm8l15x_dma.o                      #
#                    E:\Ö£½£Ñ©¹¤×÷Ä¿Â¼\Ëø¶Ô½Ó¹¤×÷\ÄÏ¾©8-30\·É±ÈËø¹¤³Ì\Debug\O #
#                    bj\stm8l15x_exti.o E:\Ö£½£Ñ©¹¤×÷Ä¿Â¼\Ëø¶Ô½Ó¹¤×÷\ÄÏ¾©8-30 #
#                    \·É±ÈËø¹¤³Ì\Debug\Obj\stm8l15x_flash.o                   #
#                    E:\Ö£½£Ñ©¹¤×÷Ä¿Â¼\Ëø¶Ô½Ó¹¤×÷\ÄÏ¾©8-30\·É±ÈËø¹¤³Ì\Debug\O #
#                    bj\stm8l15x_gpio.o E:\Ö£½£Ñ©¹¤×÷Ä¿Â¼\Ëø¶Ô½Ó¹¤×÷\ÄÏ¾©8-30 #
#                    \·É±ÈËø¹¤³Ì\Debug\Obj\stm8l15x_i2c.o                     #
#                    E:\Ö£½£Ñ©¹¤×÷Ä¿Â¼\Ëø¶Ô½Ó¹¤×÷\ÄÏ¾©8-30\·É±ÈËø¹¤³Ì\Debug\O #
#                    bj\stm8l15x_irtim.o E:\Ö£½£Ñ©¹¤×÷Ä¿Â¼\Ëø¶Ô½Ó¹¤×÷\ÄÏ¾©8-3 #
#                    0\·É±ÈËø¹¤³Ì\Debug\Obj\stm8l15x_it.o                     #
#                    E:\Ö£½£Ñ©¹¤×÷Ä¿Â¼\Ëø¶Ô½Ó¹¤×÷\ÄÏ¾©8-30\·É±ÈËø¹¤³Ì\Debug\O #
#                    bj\stm8l15x_itc.o E:\Ö£½£Ñ©¹¤×÷Ä¿Â¼\Ëø¶Ô½Ó¹¤×÷\ÄÏ¾©8-30\ #
#                    ·É±ÈËø¹¤³Ì\Debug\Obj\stm8l15x_iwdg.o                     #
#                    E:\Ö£½£Ñ©¹¤×÷Ä¿Â¼\Ëø¶Ô½Ó¹¤×÷\ÄÏ¾©8-30\·É±ÈËø¹¤³Ì\Debug\O #
#                    bj\stm8l15x_lcd.o E:\Ö£½£Ñ©¹¤×÷Ä¿Â¼\Ëø¶Ô½Ó¹¤×÷\ÄÏ¾©8-30\ #
#                    ·É±ÈËø¹¤³Ì\Debug\Obj\stm8l15x_pwr.o                      #
#                    E:\Ö£½£Ñ©¹¤×÷Ä¿Â¼\Ëø¶Ô½Ó¹¤×÷\ÄÏ¾©8-30\·É±ÈËø¹¤³Ì\Debug\O #
#                    bj\stm8l15x_rst.o E:\Ö£½£Ñ©¹¤×÷Ä¿Â¼\Ëø¶Ô½Ó¹¤×÷\ÄÏ¾©8-30\ #
#                    ·É±ÈËø¹¤³Ì\Debug\Obj\stm8l15x_rtc.o                      #
#                    E:\Ö£½£Ñ©¹¤×÷Ä¿Â¼\Ëø¶Ô½Ó¹¤×÷\ÄÏ¾©8-30\·É±ÈËø¹¤³Ì\Debug\O #
#                    bj\stm8l15x_spi.o E:\Ö£½£Ñ©¹¤×÷Ä¿Â¼\Ëø¶Ô½Ó¹¤×÷\ÄÏ¾©8-30\ #
#                    ·É±ÈËø¹¤³Ì\Debug\Obj\stm8l15x_syscfg.o                   #
#                    E:\Ö£½£Ñ©¹¤×÷Ä¿Â¼\Ëø¶Ô½Ó¹¤×÷\ÄÏ¾©8-30\·É±ÈËø¹¤³Ì\Debug\O #
#                    bj\stm8l15x_tim1.o E:\Ö£½£Ñ©¹¤×÷Ä¿Â¼\Ëø¶Ô½Ó¹¤×÷\ÄÏ¾©8-30 #
#                    \·É±ÈËø¹¤³Ì\Debug\Obj\stm8l15x_tim2.o                    #
#                    E:\Ö£½£Ñ©¹¤×÷Ä¿Â¼\Ëø¶Ô½Ó¹¤×÷\ÄÏ¾©8-30\·É±ÈËø¹¤³Ì\Debug\O #
#                    bj\stm8l15x_tim3.o E:\Ö£½£Ñ©¹¤×÷Ä¿Â¼\Ëø¶Ô½Ó¹¤×÷\ÄÏ¾©8-30 #
#                    \·É±ÈËø¹¤³Ì\Debug\Obj\stm8l15x_tim4.o                    #
#                    E:\Ö£½£Ñ©¹¤×÷Ä¿Â¼\Ëø¶Ô½Ó¹¤×÷\ÄÏ¾©8-30\·É±ÈËø¹¤³Ì\Debug\O #
#                    bj\stm8l15x_tim5.o E:\Ö£½£Ñ©¹¤×÷Ä¿Â¼\Ëø¶Ô½Ó¹¤×÷\ÄÏ¾©8-30 #
#                    \·É±ÈËø¹¤³Ì\Debug\Obj\stm8l15x_usart.o                   #
#                    E:\Ö£½£Ñ©¹¤×÷Ä¿Â¼\Ëø¶Ô½Ó¹¤×÷\ÄÏ¾©8-30\·É±ÈËø¹¤³Ì\Debug\O #
#                    bj\stm8l15x_wfe.o E:\Ö£½£Ñ©¹¤×÷Ä¿Â¼\Ëø¶Ô½Ó¹¤×÷\ÄÏ¾©8-30\ #
#                    ·É±ÈËø¹¤³Ì\Debug\Obj\stm8l15x_wwdg.o                     #
#                    E:\Ö£½£Ñ©¹¤×÷Ä¿Â¼\Ëø¶Ô½Ó¹¤×÷\ÄÏ¾©8-30\·É±ÈËø¹¤³Ì\Debug\O #
#                    bj\usart.o E:\Ö£½£Ñ©¹¤×÷Ä¿Â¼\Ëø¶Ô½Ó¹¤×÷\ÄÏ¾©8-30\·É±ÈËø¹ #
#                    ¤³Ì\Debug\Obj\userdata.o --redirect                      #
#                    _Printf=_PrintfSmall --redirect _Scanf=_ScanfSmall -o    #
#                    E:\Ö£½£Ñ©¹¤×÷Ä¿Â¼\Ëø¶Ô½Ó¹¤×÷\ÄÏ¾©8-30\·É±ÈËø¹¤³Ì\Debug\E #
#                    xe\XiangRui_STM8L051F3P6_Library.out --map               #
#                    E:\Ö£½£Ñ©¹¤×÷Ä¿Â¼\Ëø¶Ô½Ó¹¤×÷\ÄÏ¾©8-30\·É±ÈËø¹¤³Ì\Debug\L #
#                    ist\XiangRui_STM8L051F3P6_Library.map --config           #
#                    "C:\Program Files (x86)\IAR Systems\Embedded Workbench   #
#                    6.0\stm8\config\lnkstm8l151f3.icf" --config_def          #
#                    _CSTACK_SIZE=0x100 --config_def _HEAP_SIZE=0x100         #
#                    --entry __iar_program_start --debug_lib                  #
#                                                                             #
#                                                                             #
###############################################################################

*******************************************************************************
*** RUNTIME MODEL ATTRIBUTES
***

__SystemLibrary            = DLib
__code_model               = small
__core                     = stm8
__data_model               = medium
__dlib_file_descriptor     = 0
__dlib_full_locale_support = 0
__rt_version               = 4


*******************************************************************************
*** PLACEMENT SUMMARY
***

"A1":  place at start of [0x000000-0x0000ff] { rw section .vregs };
"A2":  place at end of [0x000000-0x0003ff] { block CSTACK };
"P2":  place in [from 0x000000 to 0x0003ff] {
          block HEAP, rw section .far.bss, rw section .far.data,
          rw section .far.noinit, rw section .far_func.textrw,
          rw section .huge.bss, rw section .huge.data, rw section .huge.noinit,
          rw section .huge_func.textrw, rw section .iar.dynexit,
          rw section .near.bss, rw section .near.data, rw section .near.noinit,
          rw section .near_func.textrw };
"A3":  place at start of [0x008000-0x009fff] { block INTVEC };
"P3":  place in [from 0x008000 to 0x009fff] {
          ro section .far.data_init, ro section .far_func.textrw_init,
          ro section .huge.data_init, ro section .huge_func.textrw_init,
          ro section .iar.init_table, ro section .init_array,
          ro section .near.data_init, ro section .near.rodata,
          ro section .near_func.text, ro section .near_func.textrw_init,
          ro section .tiny.data_init, ro section .tiny.rodata_init };

  Section            Kind      Address    Size  Object
  -------            ----      -------    ----  ------
"A1":                                     0x10
  .vregs             uninit   0x000000    0x10  vregs.o [4]
                            - 0x000010    0x10

"P2", part 1 of 2:                        0xca
  P2 s0                       0x000010    0xca  <Init block>
    .near.data       inited   0x000010    0x64  main.o [1]
    .near.data       inited   0x000074    0x64  main.o [1]
    .near.data       inited   0x0000d8     0x1  main.o [1]
    .near.data       inited   0x0000d9     0x1  main.o [1]
                            - 0x0000da    0xca

"P2", part 2 of 2:                        0x69
  .near.bss          zero     0x0000da    0x32  protocol.o [1]
  .near.bss          zero     0x00010c     0xb  main.o [1]
  .near.bss          zero     0x000117     0xb  main.o [1]
  .near.bss          zero     0x000122     0x2  bsp.o [1]
  .near.bss          zero     0x000124     0x2  command.o [1]
  .near.bss          zero     0x000126     0x2  command.o [1]
  .near.bss          zero     0x000128     0x2  command.o [1]
  .near.bss          zero     0x00012a     0x2  command.o [1]
  .near.bss          zero     0x00012c     0x2  main.o [1]
  .near.bss          zero     0x00012e     0x2  main.o [1]
  .near.bss          zero     0x000130     0x2  main.o [1]
  .near.bss          zero     0x000132     0x2  main.o [1]
  .near.bss          zero     0x000134     0x2  main.o [1]
  .near.bss          zero     0x000136     0x1  bsp.o [1]
  .near.bss          zero     0x000137     0x1  command.o [1]
  .near.bss          zero     0x000138     0x1  main.o [1]
  .near.bss          zero     0x000139     0x1  main.o [1]
  .near.bss          zero     0x00013a     0x1  main.o [1]
  .near.bss          zero     0x00013b     0x1  main.o [1]
  .near.bss          zero     0x00013c     0x1  main.o [1]
  .near.bss          zero     0x00013d     0x1  main.o [1]
  .near.bss          zero     0x00013e     0x1  main.o [1]
  .near.bss          zero     0x00013f     0x1  main.o [1]
  .near.bss          zero     0x000140     0x1  main.o [1]
  .near.bss          zero     0x000141     0x1  main.o [1]
  .near.bss          zero     0x000142     0x1  stm8l15x_it.o [1]
                            - 0x000143    0x69

"A2":                                    0x100
  CSTACK                      0x000300   0x100  <Block>
    CSTACK           uninit   0x000300   0x100  <Block tail>
                            - 0x000400   0x100

"A3":                                     0x80
  INTVEC                      0x008000    0x80  <Block>
    .intvec          const    0x008000    0x80  interrupt.o [4]
                            - 0x008080    0x80

"P3":                                   0x1a29
  .near_func.text    ro code  0x008080   0x294  command.o [1]
  .near_func.text    ro code  0x008314   0x1ea  stm8l15x_it.o [1]
  .near_func.text    ro code  0x0084fe   0x12c  command.o [1]
  .near_func.text    ro code  0x00862a   0x12a  main.o [1]
  .near_func.text    ro code  0x008754    0xec  main.o [1]
  .near_func.text    ro code  0x008840    0xd9  stm8l15x_usart.o [1]
  .near_func.text    ro code  0x008919    0xd9  vreg_util.o [4]
  .near_func.text    ro code  0x0089f2    0xca  main.o [1]
  .near_func.text    ro code  0x008abc    0xb9  main.o [1]
  .near_func.text    ro code  0x008b75    0xaf  main.o [1]
  .near_func.text    ro code  0x008c24    0xae  stm8l15x_gpio.o [1]
  .near_func.text    ro code  0x008cd2    0xaa  userdata.o [1]
  .near_func.text    ro code  0x008d7c    0xa9  stm8l15x_usart.o [1]
  .near_func.text    ro code  0x008e25    0x95  stm8l15x_usart.o [1]
  .near_func.text    ro code  0x008eba    0x8d  bsp.o [1]
  .near_func.text    ro code  0x008f47    0x89  stm8l15x_clk.o [1]
  .near_func.text    ro code  0x008fd0    0x80  long.o [4]
  .near_func.text    ro code  0x009050    0x7f  protocol.o [1]
  .near_func.text    ro code  0x0090cf    0x7c  command.o [1]
  .near_func.text    ro code  0x00914b    0x7a  stm8l15x_clk.o [1]
  .near_func.text    ro code  0x0091c5    0x77  protocol.o [1]
  .near_func.text    ro code  0x00923c    0x76  protocol.o [1]
  .near_func.text    ro code  0x0092b2    0x75  command.o [1]
  .near_func.text    ro code  0x009327    0x75  main.o [1]
  .near_func.text    ro code  0x00939c    0x70  protocol.o [1]
  .near_func.text    ro code  0x00940c    0x62  stm8l15x_syscfg.o [1]
  .near_func.text    ro code  0x00946e    0x5e  protocol.o [1]
  .near_func.text    ro code  0x0094cc    0x5d  usart.o [1]
  .near_func.text    ro code  0x009529    0x5d  usart.o [1]
  .near_func.text    ro code  0x009586    0x58  bsp.o [1]
  .near_func.text    ro code  0x0095de    0x56  command.o [1]
  .near_func.text    ro code  0x009634    0x4c  bsp.o [1]
  .near_func.text    ro code  0x009680    0x49  command.o [1]
  .near_func.text    ro code  0x0096c9    0x46  usart.o [1]
  .near_func.text    ro code  0x00970f    0x2a  stm8l15x_tim2.o [1]
  .near_func.text    ro code  0x009739    0x28  init_small.o [4]
  .near_func.text    ro code  0x009761    0x27  stm8l15x_tim2.o [1]
  .near_func.text    ro code  0x009788    0x22  stm8l15x_usart.o [1]
  .near_func.text    ro code  0x0097aa    0x21  stm8l15x_usart.o [1]
  .near_func.text    ro code  0x0097cb    0x1d  userdata.o [1]
  .iar.init_table    const    0x0097e8    0x12  - Linker created -
  .near_func.text    ro code  0x0097fa    0x1f  long_util.o [4]
  .near_func.text    ro code  0x009819    0x1e  protocol.o [1]
  .near_func.text    ro code  0x009837    0x1e  init_small.o [4]
  .near_func.text    ro code  0x009855    0x1a  stm8l15x_gpio.o [1]
  .near_func.text    ro code  0x00986f    0x1a  userdata.o [1]
  .near_func.text    ro code  0x009889    0x18  bsp.o [1]
  .near_func.text    ro code  0x0098a1    0x17  bsp.o [1]
  .near_func.text    ro code  0x0098b8    0x17  init.o [4]
  .near_func.text    ro code  0x0098cf    0x16  short.o [4]
  .near_func.text    ro code  0x0098e5    0x14  __dbg_xxexit.o [3]
  .near_func.text    ro code  0x0098f9    0x13  cstartup.o [4]
  .near_func.text    ro code  0x00990c     0xd  stm8l15x_it.o [1]
  .near_func.text    ro code  0x009919     0xd  stm8l15x_it.o [1]
  .near_func.text    ro code  0x009926     0xd  stm8l15x_syscfg.o [1]
  .near_func.text    ro code  0x009933     0xd  stm8l15x_tim2.o [1]
  .near_func.text    ro code  0x009940     0xd  stm8l15x_tim2.o [1]
  .near_func.text    ro code  0x00994d     0xd  stm8l15x_tim2.o [1]
  .near_func.text    ro code  0x00995a     0xb  stm8l15x_gpio.o [1]
  .near_func.text    ro code  0x009965     0xa  bsp.o [1]
  .near_func.text    ro code  0x00996f     0xa  bsp.o [1]
  .near_func.text    ro code  0x009979     0xa  bsp.o [1]
  .near.rodata       const    0x009983     0x5  stm8l15x_clk.o [1]
  .near_func.text    ro code  0x009988     0x5  cexit.o [4]
  .near_func.text    ro code  0x00998d     0x4  stm8l15x_clk.o [1]
  .near_func.text    ro code  0x009991     0x3  command.o [1]
  .near_func.text    ro code  0x009994     0x3  command.o [1]
  .near_func.text    ro code  0x009997     0x3  command.o [1]
  .near_func.text    ro code  0x00999a     0x3  command.o [1]
  .near_func.text    ro code  0x00999d     0x3  command.o [1]
  .near_func.text    ro code  0x0099a0     0x3  command.o [1]
  .near_func.text    ro code  0x0099a3     0x3  command.o [1]
  .near_func.text    ro code  0x0099a6     0x3  command.o [1]
  .near_func.text    ro code  0x0099a9     0x3  command.o [1]
  .near_func.text    ro code  0x0099ac     0x3  stm8l15x_gpio.o [1]
  .near_func.text    ro code  0x0099af     0x3  stm8l15x_usart.o [1]
  .near_func.text    ro code  0x0099b2     0x3  stm8l15x_usart.o [1]
  .near_func.text    ro code  0x0099b5     0x3  interrupt.o [4]
  .near_func.text    ro code  0x0099b8     0x3  low_level_init.o [4]
  .near_func.text    ro code  0x0099bb     0x3  exit.o [4]
  .near_func.text    ro code  0x0099be     0x3  unhandled_exception.o [4]
  .near_func.text    ro code  0x0099c1     0x1  command.o [1]
  .near_func.text    ro code  0x0099c2     0x1  command.o [1]
  .near_func.text    ro code  0x0099c3     0x1  stm8l15x_it.o [1]
  .near_func.text    ro code  0x0099c4     0x1  stm8l15x_it.o [1]
  .near_func.text    ro code  0x0099c5     0x1  stm8l15x_it.o [1]
  .near_func.text    ro code  0x0099c6     0x1  stm8l15x_it.o [1]
  .near_func.text    ro code  0x0099c7     0x1  stm8l15x_it.o [1]
  .near_func.text    ro code  0x0099c8     0x1  stm8l15x_it.o [1]
  .near_func.text    ro code  0x0099c9     0x1  stm8l15x_it.o [1]
  .near_func.text    ro code  0x0099ca     0x1  stm8l15x_it.o [1]
  .near_func.text    ro code  0x0099cb     0x1  stm8l15x_it.o [1]
  .near_func.text    ro code  0x0099cc     0x1  stm8l15x_it.o [1]
  .near_func.text    ro code  0x0099cd     0x1  stm8l15x_it.o [1]
  .near_func.text    ro code  0x0099ce     0x1  stm8l15x_it.o [1]
  .near_func.text    ro code  0x0099cf     0x1  stm8l15x_it.o [1]
  .near_func.text    ro code  0x0099d0     0x1  stm8l15x_it.o [1]
  .near_func.text    ro code  0x0099d1     0x1  stm8l15x_it.o [1]
  .near_func.text    ro code  0x0099d2     0x1  stm8l15x_it.o [1]
  .near_func.text    ro code  0x0099d3     0x1  stm8l15x_it.o [1]
  .near_func.text    ro code  0x0099d4     0x1  stm8l15x_it.o [1]
  .near_func.text    ro code  0x0099d5     0x1  stm8l15x_it.o [1]
  .near_func.text    ro code  0x0099d6     0x1  stm8l15x_it.o [1]
  .near_func.text    ro code  0x0099d7     0x1  stm8l15x_it.o [1]
  .near_func.text    ro code  0x0099d8     0x1  stm8l15x_it.o [1]
  .near_func.text    ro code  0x0099d9     0x1  stm8l15x_it.o [1]
  .near_func.text    ro code  0x0099da     0x1  stm8l15x_it.o [1]
  .near_func.text    ro code  0x0099db     0x1  stm8l15x_it.o [1]
  .near_func.text    ro code  0x0099dc     0x1  stm8l15x_it.o [1]
  .near_func.text    ro code  0x0099dd     0x1  stm8l15x_it.o [1]
  .near_func.text    ro code  0x0099de     0x1  __dbg_break.o [3]
  Initializer bytes  ro data  0x0099df    0xca  <for P2 s0>
                            - 0x009aa9  0x1a29


*******************************************************************************
*** INIT TABLE
***

          Address   Size
          -------   ----
Zero (__iar_zero_init2)
    1 destination range, total size 0x69:
          0x0000da  0x69

Copy (__iar_copy_init2)
    1 source range, total size 0xca:
          0x0099df  0xca
    1 destination range, total size 0xca:
          0x000010  0xca


*******************************************************************************
*** MODULE SUMMARY
***

    Module                 ro code  ro data  rw data
    ------                 -------  -------  -------
E:\Ö£½£Ñ©¹¤×÷Ä¿Â¼\Ëø¶Ô½Ó¹¤×÷\ÄÏ¾©8-30\·É±ÈËø¹¤³Ì\Debug\Obj: [1]
    bsp.o                      382                 3
    command.o                1 389                 9
    main.o                   1 213      202      244
    protocol.o                 600                50
    stm8l15x_clk.o             263        5
    stm8l15x_gpio.o            214
    stm8l15x_it.o              543                 1
    stm8l15x_syscfg.o          111
    stm8l15x_tim2.o            120
    stm8l15x_usart.o           608
    usart.o                    256
    userdata.o                 225
    ------------------------------------------------
    Total:                   5 924      207      307

command line: [2]
    ------------------------------------------------
    Total:

dbgstm8smd.a: [3]
    __dbg_break.o                1
    __dbg_xxexit.o              20
    ------------------------------------------------
    Total:                      21

dlstm8smn.a: [4]
    cexit.o                      5
    cstartup.o                  19
    exit.o                       3
    init.o                      23
    init_small.o                70
    interrupt.o                  3      128
    long.o                     128
    long_util.o                 31
    low_level_init.o             3
    short.o                     22
    unhandled_exception.o        3
    vreg_util.o                217
    vregs.o                                       16
    ------------------------------------------------
    Total:                     527      128       16

    Linker created                       18      256
----------------------------------------------------
    Grand Total:             6 472      353      579


*******************************************************************************
*** ENTRY LIST
***

Entry                    Address   Size  Type      Object
-----                    -------   ----  ----      ------
?b0                     0x000000         Data  Gb  vregs.o [4]
?b1                     0x000001         Data  Gb  vregs.o [4]
?b10                    0x00000a         Data  Gb  vregs.o [4]
?b11                    0x00000b         Data  Gb  vregs.o [4]
?b12                    0x00000c         Data  Gb  vregs.o [4]
?b13                    0x00000d         Data  Gb  vregs.o [4]
?b14                    0x00000e         Data  Gb  vregs.o [4]
?b15                    0x00000f         Data  Gb  vregs.o [4]
?b2                     0x000002         Data  Gb  vregs.o [4]
?b3                     0x000003         Data  Gb  vregs.o [4]
?b4                     0x000004         Data  Gb  vregs.o [4]
?b5                     0x000005         Data  Gb  vregs.o [4]
?b6                     0x000006         Data  Gb  vregs.o [4]
?b7                     0x000007         Data  Gb  vregs.o [4]
?b8                     0x000008         Data  Gb  vregs.o [4]
?b9                     0x000009         Data  Gb  vregs.o [4]
?e0                     0x000001         Data  Gb  vregs.o [4]
?e1                     0x000005         Data  Gb  vregs.o [4]
?e2                     0x000009         Data  Gb  vregs.o [4]
?e3                     0x00000d         Data  Gb  vregs.o [4]
?epilogue_l2            0x0089a8         Code  Gb  vreg_util.o [4]
?epilogue_l2_l3         0x0089a5         Code  Gb  vreg_util.o [4]
?epilogue_w4            0x0089ac         Code  Gb  vreg_util.o [4]
?inc32_0x_0x            0x008fd5         Code  Gb  long.o [4]
?inc32_l2_l2            0x008fd0         Code  Gb  long.o [4]
?l0                     0x000000         Data  Gb  vregs.o [4]
?l1                     0x000004         Data  Gb  vregs.o [4]
?l2                     0x000008         Data  Gb  vregs.o [4]
?l3                     0x00000c         Data  Gb  vregs.o [4]
?load32_0x_l0           0x00980b         Code  Gb  long_util.o [4]
?load32_asp_l0          0x0097ff         Code  Gb  long_util.o [4]
?load32_dbsp_l0         0x0097fa         Code  Gb  long_util.o [4]
?load32_xsp_l0          0x009801         Code  Gb  long_util.o [4]
?mov_e0_e2              0x0089c1         Code  Gb  vreg_util.o [4]
?mov_e1_e3              0x0089ce         Code  Gb  vreg_util.o [4]
?mov_e2_e0              0x0089db         Code  Gb  vreg_util.o [4]
?mov_e3_e0              0x0089e8         Code  Gb  vreg_util.o [4]
?mov_l0_l2              0x0089be         Code  Gb  vreg_util.o [4]
?mov_l1_l3              0x0089cb         Code  Gb  vreg_util.o [4]
?mov_l2_l0              0x0089d8         Code  Gb  vreg_util.o [4]
?mov_l3_l0              0x0089e5         Code  Gb  vreg_util.o [4]
?mov_w1_w4              0x0089b0         Code  Gb  vreg_util.o [4]
?mov_w1_w5              0x0089c4         Code  Gb  vreg_util.o [4]
?mov_w2_w0              0x0089b7         Code  Gb  vreg_util.o [4]
?mov_w3_w7              0x0089d1         Code  Gb  vreg_util.o [4]
?mov_w5_w1              0x0089de         Code  Gb  vreg_util.o [4]
?mov_w7_w1              0x0089eb         Code  Gb  vreg_util.o [4]
?pop_l0                 0x008971         Code  Gb  vreg_util.o [4]
?pop_l1                 0x00897c         Code  Gb  vreg_util.o [4]
?pop_l2                 0x008987         Code  Gb  vreg_util.o [4]
?pop_l3                 0x008992         Code  Gb  vreg_util.o [4]
?pop_w4                 0x008931         Code  Gb  vreg_util.o [4]
?push_l0                0x008940         Code  Gb  vreg_util.o [4]
?push_l1                0x008945         Code  Gb  vreg_util.o [4]
?push_l2                0x00894a         Code  Gb  vreg_util.o [4]
?push_l3                0x00894f         Code  Gb  vreg_util.o [4]
?push_w4                0x008919         Code  Gb  vreg_util.o [4]
?sll16_x_x_a            0x0098cf         Code  Gb  short.o [4]
?sra16_x_x_4            0x0098e0         Code  Gb  short.o [4]
?sra16_x_x_5            0x0098df         Code  Gb  short.o [4]
?sra16_x_x_6            0x0098de         Code  Gb  short.o [4]
?sra16_x_x_7            0x0098dd         Code  Gb  short.o [4]
?sra16_x_x_8            0x0098dc         Code  Gb  short.o [4]
?srl16_x_x_4            0x0098d7         Code  Gb  short.o [4]
?udiv32_l0_l0_l1        0x008fe3         Code  Gb  long.o [4]
?umod32_l1_l0_l1        0x008fe3         Code  Gb  long.o [4]
?w0                     0x000000         Data  Gb  vregs.o [4]
?w1                     0x000002         Data  Gb  vregs.o [4]
?w2                     0x000004         Data  Gb  vregs.o [4]
?w3                     0x000006         Data  Gb  vregs.o [4]
?w4                     0x000008         Data  Gb  vregs.o [4]
?w5                     0x00000a         Data  Gb  vregs.o [4]
?w6                     0x00000c         Data  Gb  vregs.o [4]
?w7                     0x00000e         Data  Gb  vregs.o [4]
ADC1_COMP_IRQHandler    0x0099d3    0x1  Code  Gb  stm8l15x_it.o [1]
BFCT_protocol_Lock      0x000117    0xb  Data  Gb  main.o [1]
BFCT_protocol_Zigbee    0x00010c    0xb  Data  Gb  main.o [1]
CLK_GetClockFreq        0x00914b   0x7a  Code  Gb  stm8l15x_clk.o [1]
CLK_PeripheralClockConfig
                        0x008f47   0x89  Code  Gb  stm8l15x_clk.o [1]
CLK_SYSCLKDivConfig     0x00998d    0x4  Code  Gb  stm8l15x_clk.o [1]
CSTACK$$Base            0x000300          --   Gb  - Linker created -
CSTACK$$Limit           0x000400          --   Gb  - Linker created -
DMA1_CHANNEL0_1_IRQHandler
                        0x0099c5    0x1  Code  Gb  stm8l15x_it.o [1]
DMA1_CHANNEL2_3_IRQHandler
                        0x0099c6    0x1  Code  Gb  stm8l15x_it.o [1]
EXTI0_IRQHandler        0x00990c    0xd  Code  Gb  stm8l15x_it.o [1]
EXTI1_IRQHandler        0x0099cb    0x1  Code  Gb  stm8l15x_it.o [1]
EXTI2_IRQHandler        0x0099cc    0x1  Code  Gb  stm8l15x_it.o [1]
EXTI3_IRQHandler        0x009919    0xd  Code  Gb  stm8l15x_it.o [1]
EXTI4_IRQHandler        0x0099cd    0x1  Code  Gb  stm8l15x_it.o [1]
EXTI5_IRQHandler        0x0099ce    0x1  Code  Gb  stm8l15x_it.o [1]
EXTI6_IRQHandler        0x0099cf    0x1  Code  Gb  stm8l15x_it.o [1]
EXTI7_IRQHandler        0x0099d0    0x1  Code  Gb  stm8l15x_it.o [1]
EXTIB_G_IRQHandler      0x0099c9    0x1  Code  Gb  stm8l15x_it.o [1]
EXTID_H_IRQHandler      0x0099ca    0x1  Code  Gb  stm8l15x_it.o [1]
EXTIE_F_PVD_IRQHandler  0x0099c8    0x1  Code  Gb  stm8l15x_it.o [1]
FLASH_IRQHandler        0x0099c4    0x1  Code  Gb  stm8l15x_it.o [1]
GPIO_DeInit             0x009855   0x1a  Code  Gb  stm8l15x_gpio.o [1]
GPIO_Init               0x008c24   0xae  Code  Gb  stm8l15x_gpio.o [1]
GPIO_ReadInputDataBit   0x0099ac    0x3  Code  Gb  stm8l15x_gpio.o [1]
GPIO_WriteBit           0x00995a    0xb  Code  Gb  stm8l15x_gpio.o [1]
G_receive_data          0x000010   0x64  Data  Gb  main.o [1]
G_send_data             0x000074   0x64  Data  Gb  main.o [1]
I2C1_SPI2_IRQHandler    0x0099dd    0x1  Code  Gb  stm8l15x_it.o [1]
INTVEC$$Base            0x008000          --   Gb  - Linker created -
INTVEC$$Limit           0x008080          --   Gb  - Linker created -
IOInit                  0x009586   0x58  Code  Gb  bsp.o [1]
LCD_AES_IRQHandler      0x0099d1    0x1  Code  Gb  stm8l15x_it.o [1]
LED2                    0x009634   0x19  Code  Gb  bsp.o [1]
Lock_process_done       0x0000d9    0x1  Data  Gb  main.o [1]
Lock_processing_flag    0x00013d    0x1  Data  Gb  main.o [1]
RTC_CSSLSE_IRQHandler   0x0099c7    0x1  Code  Gb  stm8l15x_it.o [1]
Region$$Table$$Base     0x0097e8          --   Gb  - Linker created -
Region$$Table$$Limit    0x0097fa          --   Gb  - Linker created -
SPI1_IRQHandler         0x0099db    0x1  Code  Gb  stm8l15x_it.o [1]
SWITCH_CSS_BREAK_DAC_IRQHandler
                        0x0099d2    0x1  Code  Gb  stm8l15x_it.o [1]
SYSCFG_REMAPDeInit      0x009926    0xd  Code  Gb  stm8l15x_syscfg.o [1]
SYSCFG_REMAPPinConfig   0x00940c   0x62  Code  Gb  stm8l15x_syscfg.o [1]
SYSDivFactor            0x009983    0x5  Data  Gb  stm8l15x_clk.o [1]
TIM1_CC_IRQHandler      0x0099d9    0x1  Code  Gb  stm8l15x_it.o [1]
TIM1_UPD_OVF_TRG_COM_IRQHandler
                        0x0099d8    0x1  Code  Gb  stm8l15x_it.o [1]
TIM2_ARRPreloadConfig   0x009933    0xd  Code  Gb  stm8l15x_tim2.o [1]
TIM2_CC_USART2_RX_IRQHandler
                        0x0099d5    0x1  Code  Gb  stm8l15x_it.o [1]
TIM2_ClearFlag          0x00994d    0xd  Code  Gb  stm8l15x_tim2.o [1]
TIM2_Cmd                0x009940    0xd  Code  Gb  stm8l15x_tim2.o [1]
TIM2_GetFlagStatus      0x009761   0x27  Code  Gb  stm8l15x_tim2.o [1]
TIM2_Init               0x009889   0x18  Code  Gb  bsp.o [1]
TIM2_TimeBaseInit       0x00970f   0x2a  Code  Gb  stm8l15x_tim2.o [1]
TIM2_UPD_OVF_TRG_BRK_USART2_TX_IRQHandler
                        0x0099d4    0x1  Code  Gb  stm8l15x_it.o [1]
TIM3_CC_USART3_RX_IRQHandler
                        0x0099d7    0x1  Code  Gb  stm8l15x_it.o [1]
TIM3_UPD_OVF_TRG_BRK_USART3_TX_IRQHandler
                        0x0099d6    0x1  Code  Gb  stm8l15x_it.o [1]
TIM4_UPD_OVF_TRG_IRQHandler
                        0x0099da    0x1  Code  Gb  stm8l15x_it.o [1]
TRAP_IRQHandler         0x0099c3    0x1  Code  Gb  stm8l15x_it.o [1]
UART1_Init              0x0094cc   0x5d  Code  Gb  usart.o [1]
UART1_RemapInit         0x009529   0x5d  Code  Gb  usart.o [1]
USART1_RX_TIM5_CC_IRQHandler
                        0x008314  0x1ea  Code  Gb  stm8l15x_it.o [1]
USART1_TX_TIM5_UPD_OVF_TRG_BRK_IRQHandler
                        0x0099dc    0x1  Code  Gb  stm8l15x_it.o [1]
USART_Cmd               0x0097aa   0x21  Code  Gb  stm8l15x_usart.o [1]
USART_GetFlagStatus     0x009788   0x22  Code  Gb  stm8l15x_usart.o [1]
USART_GetITStatus       0x008d7c   0xa9  Code  Gb  stm8l15x_usart.o [1]
USART_ITConfig          0x008e25   0x95  Code  Gb  stm8l15x_usart.o [1]
USART_Init              0x008840   0xd9  Code  Gb  stm8l15x_usart.o [1]
USART_ReceiveData8      0x0099af    0x3  Code  Gb  stm8l15x_usart.o [1]
USART_SendData8         0x0099b2    0x3  Code  Gb  stm8l15x_usart.o [1]
USART_process           0x008754   0xec  Code  Gb  main.o [1]
Zigbee_process_done     0x0000d8    0x1  Data  Gb  main.o [1]
Zigbee_processing_flag  0x00013c    0x1  Data  Gb  main.o [1]
__DebugBreak            0x0099de    0x1  Code  Gb  __dbg_break.o [3]
__exit                  0x0098e5   0x14  Code  Gb  __dbg_xxexit.o [3]
__iar_copy_init2        0x009739         Code  Gb  init_small.o [4]
__iar_data_init2        0x0098b8   0x17  Code  Gb  init.o [4]
__iar_program_start     0x0098f9         Code  Gb  cstartup.o [4]
__iar_unhandled_exception
                        0x0099be         Code  Gb  unhandled_exception.o [4]
__iar_zero_init2        0x009837         Code  Gb  init_small.o [4]
__intvec                0x008000         Data  Gb  interrupt.o [4]
__low_level_init        0x0099b8    0x3  Code  Gb  low_level_init.o [4]
_exit                   0x009988         Code  Gb  cexit.o [4]
_interrupt_1            0x0099c3         Code  Gb  stm8l15x_it.o [1]
_interrupt_10           0x00990c         Code  Gb  stm8l15x_it.o [1]
_interrupt_11           0x0099cb         Code  Gb  stm8l15x_it.o [1]
_interrupt_12           0x0099cc         Code  Gb  stm8l15x_it.o [1]
_interrupt_13           0x009919         Code  Gb  stm8l15x_it.o [1]
_interrupt_14           0x0099cd         Code  Gb  stm8l15x_it.o [1]
_interrupt_15           0x0099ce         Code  Gb  stm8l15x_it.o [1]
_interrupt_16           0x0099cf         Code  Gb  stm8l15x_it.o [1]
_interrupt_17           0x0099d0         Code  Gb  stm8l15x_it.o [1]
_interrupt_18           0x0099d1         Code  Gb  stm8l15x_it.o [1]
_interrupt_19           0x0099d2         Code  Gb  stm8l15x_it.o [1]
_interrupt_2            0x0099b5         Code  Wk  interrupt.o [4]
_interrupt_20           0x0099d3         Code  Gb  stm8l15x_it.o [1]
_interrupt_21           0x0099d4         Code  Gb  stm8l15x_it.o [1]
_interrupt_22           0x0099d5         Code  Gb  stm8l15x_it.o [1]
_interrupt_23           0x0099d6         Code  Gb  stm8l15x_it.o [1]
_interrupt_24           0x0099d7         Code  Gb  stm8l15x_it.o [1]
_interrupt_25           0x0099d8         Code  Gb  stm8l15x_it.o [1]
_interrupt_26           0x0099d9         Code  Gb  stm8l15x_it.o [1]
_interrupt_27           0x0099da         Code  Gb  stm8l15x_it.o [1]
_interrupt_28           0x0099db         Code  Gb  stm8l15x_it.o [1]
_interrupt_29           0x0099dc         Code  Gb  stm8l15x_it.o [1]
_interrupt_3            0x0099c4         Code  Gb  stm8l15x_it.o [1]
_interrupt_30           0x008314         Code  Gb  stm8l15x_it.o [1]
_interrupt_31           0x0099dd         Code  Gb  stm8l15x_it.o [1]
_interrupt_4            0x0099c5         Code  Gb  stm8l15x_it.o [1]
_interrupt_5            0x0099c6         Code  Gb  stm8l15x_it.o [1]
_interrupt_6            0x0099c7         Code  Gb  stm8l15x_it.o [1]
_interrupt_7            0x0099c8         Code  Gb  stm8l15x_it.o [1]
_interrupt_8            0x0099c9         Code  Gb  stm8l15x_it.o [1]
_interrupt_9            0x0099ca         Code  Gb  stm8l15x_it.o [1]
check_lock_cmd          0x009680   0x49  Code  Gb  command.o [1]
check_zigbee_cmd        0x0095de   0x56  Code  Gb  command.o [1]
config_lock_rx_pin      0x009979    0xa  Code  Gb  bsp.o [1]
config_wake_up_out      0x00996f    0xa  Code  Gb  bsp.o [1]
crc_8n                  0x00946e   0x5e  Code  Gb  protocol.o [1]
data3_tc                0x000138    0x1  Data  Gb  main.o [1]
data_buff               0x0000da   0x32  Data  Gb  protocol.o [1]
exe_lock_cmd            0x009050   0x7f  Code  Gb  protocol.o [1]
exe_zigbee_cmd          0x00923c   0x76  Code  Gb  protocol.o [1]
exit                    0x0099bb    0x3  Code  Gb  exit.o [4]
init_pin_interrupt      0x008eba   0x8d  Code  Gb  bsp.o [1]
led                     0x00964d   0x33  Code  Gb  bsp.o [1]
lock_add_user           0x0084fe  0x12c  Code  Gb  command.o [1]
lock_closenet           0x0092b2   0x75  Code  Gb  command.o [1]
lock_convert2zigbee     0x008b75   0xaf  Code  Gb  main.o [1]
lock_erro               0x000141    0x1  Data  Gb  main.o [1]
lock_interrupt          0x00013a    0x1  Data  Gb  main.o [1]
lock_login_safemode     0x009991    0x3  Code  Gb  command.o [1]
lock_logout_safe_mode   0x009994    0x3  Code  Gb  command.o [1]
lock_logout_settting_mode
                        0x009997    0x3  Code  Gb  command.o [1]
lock_openclock_byforce  0x00999a    0x3  Code  Gb  command.o [1]
lock_opennet            0x0090cf   0x7c  Code  Gb  command.o [1]
lock_protocal_component
                        0x00939c   0x70  Code  Gb  protocol.o [1]
lock_state              0x00013e    0x1  Data  Gb  main.o [1]
lock_state_updata       0x00999d    0x3  Code  Gb  command.o [1]
lock_usart_send         0x0089f2   0xca  Code  Gb  main.o [1]
lockdata_2_zigbeedata   0x008cd2   0xaa  Code  Gb  userdata.o [1]
main                    0x00862a  0x12a  Code  Gb  main.o [1]
os_time                 0x0098a1   0x17  Code  Gb  bsp.o [1]
send_hex                0x0096c9   0x46  Code  Gb  usart.o [1]
sum_check               0x009819   0x1e  Code  Gb  protocol.o [1]
t_1ms                   0x000139    0x1  Data  Gb  main.o [1]
u16_BCD_2_hex           0x0097cb   0x1d  Code  Gb  userdata.o [1]
u8_BCD_2_hex            0x00986f   0x1a  Code  Gb  userdata.o [1]
wake_up_in              0x009965    0xa  Code  Gb  bsp.o [1]
zigbee_adduser          0x0099a3    0x3  Code  Gb  command.o [1]
zigbee_clock_sync       0x0099a9    0x3  Code  Gb  command.o [1]
zigbee_convert2lock     0x008abc   0xb9  Code  Gb  main.o [1]
zigbee_erro             0x000140    0x1  Data  Gb  main.o [1]
zigbee_inqure_lockstate
                        0x0099c2    0x1  Code  Gb  command.o [1]
zigbee_inqure_userinfo  0x0099c1    0x1  Code  Gb  command.o [1]
zigbee_interrupt        0x00013b    0x1  Data  Gb  main.o [1]
zigbee_openlock         0x008080  0x294  Code  Gb  command.o [1]
zigbee_opennet_fail     0x0099a0    0x3  Code  Gb  command.o [1]
zigbee_opennet_sucess   0x0099a6    0x3  Code  Gb  command.o [1]
zigbee_protocal_component
                        0x0091c5   0x77  Code  Gb  protocol.o [1]
zigbee_state            0x00013f    0x1  Data  Gb  main.o [1]
zigbee_usart_send       0x009327   0x75  Code  Gb  main.o [1]


[1] = E:\Ö£½£Ñ©¹¤×÷Ä¿Â¼\Ëø¶Ô½Ó¹¤×÷\ÄÏ¾©8-30\·É±ÈËø¹¤³Ì\Debug\Obj
[2] = command line
[3] = dbgstm8smd.a
[4] = dlstm8smn.a

  6 472 bytes of readonly  code memory
    353 bytes of readonly  data memory
    579 bytes of readwrite data memory

Errors: none
Warnings: none
